Info: Start Nativelink Simulation process

========= EDA Simulation Settings =====================

Sim Mode              :  Gate
Family                :  cycloneive
Quartus root          :  c:/intelfpga_lite/18.1/quartus/bin64/
Quartus sim root      :  c:/intelfpga_lite/18.1/quartus/eda/sim_lib
Simulation Tool       :  modelsim-altera
Simulation Language   :  verilog
Simulation Mode       :  GUI
Sim Output File       :  lab2.vo
Sim SDF file          :  lab2__verilog.sdo
Sim dir               :  simulation\modelsim

=======================================================

Info: Starting NativeLink simulation with ModelSim-Altera software
Sourced NativeLink script c:/intelfpga_lite/18.1/quartus/common/tcl/internal/nativelink/modelsim.tcl
Warning: File lab2_run_msim_gate_verilog.do already exists - backing up current file as lab2_run_msim_gate_verilog.do.bak11
Probing transcript
ModelSim-Altera Info: # Reading C:/intelFPGA_lite/18.1/modelsim_ase/tcl/vsim/pref.tcl
ModelSim-Altera Info: # do lab2_run_msim_gate_verilog.do
ModelSim-Altera Info: # if {[file exists gate_work]} {
ModelSim-Altera Info: # 	vdel -lib gate_work -all
ModelSim-Altera Info: # }
ModelSim-Altera Info: # vlib gate_work
ModelSim-Altera Info: # vmap work gate_work
ModelSim-Altera Info: # Model Technology ModelSim - Intel FPGA Edition vmap 10.5b Lib Mapping Utility 2016.10 Oct  5 2016
ModelSim-Altera Info: # vmap work gate_work 
ModelSim-Altera Info: # Copying C:/intelFPGA_lite/18.1/modelsim_ase/win32aloem/../modelsim.ini to modelsim.ini
ModelSim-Altera Info: # Modifying modelsim.ini
ModelSim-Altera Info: # 
ModelSim-Altera Info: # vlog -vlog01compat -work work +incdir+. {lab2.vo}
ModelSim-Altera Info: # Model Technology ModelSim - Intel FPGA Edition vlog 10.5b Compiler 2016.10 Oct  5 2016
ModelSim-Altera Info: # Start time: 14:49:05 on Apr 10,2022
ModelSim-Altera Info: # vlog -reportprogress 300 -vlog01compat -work work "+incdir+." lab2.vo 
ModelSim-Altera Info: # -- Compiling module lab2
ModelSim-Altera Info: # -- Compiling module hard_block
ModelSim-Altera Info: # 
ModelSim-Altera Info: # Top level modules:
ModelSim-Altera Info: # 	lab2
ModelSim-Altera Info: # End time: 14:49:05 on Apr 10,2022, Elapsed time: 0:00:00
ModelSim-Altera Info: # Errors: 0, Warnings: 0
ModelSim-Altera Info: # 
ModelSim-Altera Info: # vlog -vlog01compat -work work +incdir+D:/Digital_Logic_Design/Pratice/Homework\ 2 {D:/Digital_Logic_Design/Pratice/Homework 2/lab2_tb.v}
ModelSim-Altera Info: # Model Technology ModelSim - Intel FPGA Edition vlog 10.5b Compiler 2016.10 Oct  5 2016
ModelSim-Altera Info: # Start time: 14:49:06 on Apr 10,2022
ModelSim-Altera Info: # vlog -reportprogress 300 -vlog01compat -work work "+incdir+D:/Digital_Logic_Design/Pratice/Homework 2" D:/Digital_Logic_Design/Pratice/Homework 2/lab2_tb.v 
ModelSim-Altera Info: # -- Compiling module lab2_tb
ModelSim-Altera Info: # 
ModelSim-Altera Info: # Top level modules:
ModelSim-Altera Info: # 	lab2_tb
ModelSim-Altera Info: # End time: 14:49:06 on Apr 10,2022, Elapsed time: 0:00:00
ModelSim-Altera Info: # Errors: 0, Warnings: 0
ModelSim-Altera Info: # 
ModelSim-Altera Info: # vsim -t 1ps +transport_int_delays +transport_path_delays -L altera_ver -L cycloneive_ver -L gate_work -L work -voptargs="+acc"  lab2_tb
ModelSim-Altera Info: # vsim -t 1ps "+transport_int_delays" "+transport_path_delays" -L altera_ver -L cycloneive_ver -L gate_work -L work -voptargs=""+acc"" lab2_tb 
ModelSim-Altera Info: # Start time: 14:49:06 on Apr 10,2022
ModelSim-Altera Info: # Loading work.lab2_tb
ModelSim-Altera Info: # Loading work.lab2
ModelSim-Altera Info: # Loading work.hard_block
ModelSim-Altera Info: # Loading cycloneive_ver.cycloneive_io_obuf
ModelSim-Altera Info: # Loading cycloneive_ver.cycloneive_io_ibuf
ModelSim-Altera Info: # Loading cycloneive_ver.cycloneive_clkctrl
ModelSim-Altera Info: # Loading cycloneive_ver.cycloneive_mux41
ModelSim-Altera Info: # Loading cycloneive_ver.cycloneive_ena_reg
ModelSim-Altera Info: # Loading cycloneive_ver.cycloneive_lcell_comb
ModelSim-Altera Info: # Loading altera_ver.dffeas
ModelSim-Altera Info: # SDF 10.5b Compiler 2016.10 Oct  5 2016
ModelSim-Altera Info: # 
ModelSim-Altera Info: # Loading instances from lab2_v.sdo
ModelSim-Altera Info: # Loading altera_ver.PRIM_GDFF_LOW
ModelSim-Altera Info: # Loading timing data from lab2_v.sdo
ModelSim-Altera Info: # ** Note: (vsim-3587) SDF Backannotation Successfully Completed.
ModelSim-Altera Info: #    Time: 0 ps  Iteration: 0  Instance: /lab2_tb File: D:/Digital_Logic_Design/Pratice/Homework 2/lab2_tb.v
ModelSim-Altera Info: # 
ModelSim-Altera Info: # add wave *
ModelSim-Altera Warning: # ** Warning: (vsim-WLF-5000) WLF file currently in use: vsim.wlf
ModelSim-Altera Info: #           File in use by: 91kev  Hostname: SONIC-THE-HEDGE  ProcessID: 27952
ModelSim-Altera Info: #           Attempting to use alternate WLF file "./wlfte9n873".
ModelSim-Altera Warning: # ** Warning: (vsim-WLF-5001) Could not open WLF file: vsim.wlf
ModelSim-Altera Info: #           Using alternate file: ./wlfte9n873
ModelSim-Altera Info: # view structure
ModelSim-Altera Info: # .main_pane.structure.interior.cs.body.struct
ModelSim-Altera Info: # view signals
ModelSim-Altera Info: # .main_pane.objects.interior.cs.body.tree
ModelSim-Altera Info: # run -all
ModelSim-Altera Info: # time =   0,key[0]= 1,key[1]= 1,key[2]= 1,key[3]= 0
ModelSim-Altera Info: # time =   5,write_instruction lcd_data = xx,lcd_on = 1
ModelSim-Altera Info: # time =  30,key[0]= 1,key[1]= 1,key[2]= 1,key[3]= 1
ModelSim-Altera Info: # time = 858,write_instruction lcd_data = 06,lcd_on = 1
ModelSim-Altera Info: # time = 82778,write_instruction lcd_data = 80,lcd_on = 1
ModelSim-Altera Info: # time = 164698,write_data lcd_data = 4e,lcd_on = 1
ModelSim-Altera Info: # time = 246618,write_data lcd_data = 54,lcd_on = 1
ModelSim-Altera Info: # time = 328538,write_data lcd_data = 55,lcd_on = 1
ModelSim-Altera Info: # time = 410458,write_data lcd_data = 53,lcd_on = 1
ModelSim-Altera Info: # time = 492378,write_data lcd_data = 54,lcd_on = 1
ModelSim-Altera Info: # time = 574298,write_data lcd_data = 20,lcd_on = 1
ModelSim-Altera Info: # time = 656218,write_data lcd_data = 43,lcd_on = 1
ModelSim-Altera Info: # time = 738138,write_data lcd_data = 4c,lcd_on = 1
ModelSim-Altera Info: # time = 820058,write_data lcd_data = 4f,lcd_on = 1
ModelSim-Altera Info: # time = 901978,write_data lcd_data = 43,lcd_on = 1
ModelSim-Altera Info: # time = 983898,write_data lcd_data = 4b,lcd_on = 1
ModelSim-Altera Info: # time = 2000578,write_instruction lcd_data = 40,lcd_on = 1
ModelSim-Altera Info: # time = 2082498,write_data lcd_data = 30,lcd_on = 1
ModelSim-Altera Info: # time = 2164418,write_data lcd_data = 30,lcd_on = 1
ModelSim-Altera Info: # time = 2246338,write_data lcd_data = 3a,lcd_on = 1
ModelSim-Altera Info: # time = 2328258,write_data lcd_data = 30,lcd_on = 1
ModelSim-Altera Info: # time = 2410178,write_data lcd_data = 30,lcd_on = 1
ModelSim-Altera Info: # time = 2492098,write_data lcd_data = 3a,lcd_on = 1
ModelSim-Altera Info: # time = 2574018,write_data lcd_data = 30,lcd_on = 1
ModelSim-Altera Info: # time = 2655938,write_data lcd_data = 32,lcd_on = 1
ModelSim-Altera Info: # time = 3000598,write_instruction lcd_data = 40,lcd_on = 1
ModelSim-Altera Info: # time = 3082518,write_data lcd_data = 30,lcd_on = 1
ModelSim-Altera Info: # time = 3164438,write_data lcd_data = 30,lcd_on = 1
ModelSim-Altera Info: # time = 3246358,write_data lcd_data = 3a,lcd_on = 1
ModelSim-Altera Info: # time = 3328278,write_data lcd_data = 30,lcd_on = 1
ModelSim-Altera Info: # time = 3410198,write_data lcd_data = 30,lcd_on = 1
ModelSim-Altera Info: # time = 3492118,write_data lcd_data = 3a,lcd_on = 1
ModelSim-Altera Info: # time = 3574038,write_data lcd_data = 30,lcd_on = 1
ModelSim-Altera Info: # time = 3655958,write_data lcd_data = 33,lcd_on = 1
ModelSim-Altera Info: # time = 4000618,write_instruction lcd_data = 40,lcd_on = 1
ModelSim-Altera Info: # time = 4082538,write_data lcd_data = 30,lcd_on = 1
ModelSim-Altera Info: # time = 4164458,write_data lcd_data = 30,lcd_on = 1
ModelSim-Altera Info: # time = 4246378,write_data lcd_data = 3a,lcd_on = 1
ModelSim-Altera Info: # time = 4328298,write_data lcd_data = 30,lcd_on = 1
ModelSim-Altera Info: # time = 4410218,write_data lcd_data = 30,lcd_on = 1
ModelSim-Altera Info: # time = 4492138,write_data lcd_data = 3a,lcd_on = 1
ModelSim-Altera Info: # time = 4574058,write_data lcd_data = 30,lcd_on = 1
ModelSim-Altera Info: # time = 4655978,write_data lcd_data = 34,lcd_on = 1
ModelSim-Altera Info: # time = 5000638,write_instruction lcd_data = 40,lcd_on = 1
ModelSim-Altera Info: # time = 5082558,write_data lcd_data = 30,lcd_on = 1
ModelSim-Altera Info: # time = 5164478,write_data lcd_data = 30,lcd_on = 1
ModelSim-Altera Info: # time = 5246398,write_data lcd_data = 3a,lcd_on = 1
ModelSim-Altera Info: # time = 5328318,write_data lcd_data = 30,lcd_on = 1
ModelSim-Altera Info: # time = 5410238,write_data lcd_data = 30,lcd_on = 1
ModelSim-Altera Info: # time = 5492158,write_data lcd_data = 3a,lcd_on = 1
ModelSim-Altera Info: # time = 5574078,write_data lcd_data = 30,lcd_on = 1
ModelSim-Altera Info: # time = 5655998,write_data lcd_data = 35,lcd_on = 1
ModelSim-Altera Info: # time = 6000658,write_instruction lcd_data = 40,lcd_on = 1
ModelSim-Altera Info: # time = 6082578,write_data lcd_data = 30,lcd_on = 1
ModelSim-Altera Info: # time = 6164498,write_data lcd_data = 30,lcd_on = 1
ModelSim-Altera Info: # time = 6246418,write_data lcd_data = 3a,lcd_on = 1
ModelSim-Altera Info: # time = 6328338,write_data lcd_data = 30,lcd_on = 1
ModelSim-Altera Info: # time = 6410258,write_data lcd_data = 30,lcd_on = 1
ModelSim-Altera Info: # time = 6492178,write_data lcd_data = 3a,lcd_on = 1
ModelSim-Altera Info: # time = 6574098,write_data lcd_data = 30,lcd_on = 1
ModelSim-Altera Info: # time = 6656018,write_data lcd_data = 36,lcd_on = 1
ModelSim-Altera Info: # time = 7000678,write_instruction lcd_data = 40,lcd_on = 1
ModelSim-Altera Info: # time = 7082598,write_data lcd_data = 30,lcd_on = 1
ModelSim-Altera Info: # time = 7164518,write_data lcd_data = 30,lcd_on = 1
ModelSim-Altera Info: # time = 7246438,write_data lcd_data = 3a,lcd_on = 1
ModelSim-Altera Info: # time = 7328358,write_data lcd_data = 30,lcd_on = 1
ModelSim-Altera Info: # time = 7410278,write_data lcd_data = 30,lcd_on = 1
ModelSim-Altera Info: # time = 7492198,write_data lcd_data = 3a,lcd_on = 1
ModelSim-Altera Info: # time = 7574118,write_data lcd_data = 30,lcd_on = 1
ModelSim-Altera Info: # time = 7656038,write_data lcd_data = 37,lcd_on = 1
ModelSim-Altera Info: # time = 8000698,write_instruction lcd_data = 40,lcd_on = 1
ModelSim-Altera Info: # time = 8082618,write_data lcd_data = 30,lcd_on = 1
ModelSim-Altera Info: # time = 8164538,write_data lcd_data = 30,lcd_on = 1
ModelSim-Altera Info: # time = 8246458,write_data lcd_data = 3a,lcd_on = 1
ModelSim-Altera Info: # time = 8328378,write_data lcd_data = 30,lcd_on = 1
ModelSim-Altera Info: # time = 8410298,write_data lcd_data = 30,lcd_on = 1
ModelSim-Altera Info: # time = 8492218,write_data lcd_data = 3a,lcd_on = 1
ModelSim-Altera Info: # time = 8574138,write_data lcd_data = 30,lcd_on = 1
ModelSim-Altera Info: # time = 8656058,write_data lcd_data = 38,lcd_on = 1
ModelSim-Altera Info: # time = 9000718,write_instruction lcd_data = 40,lcd_on = 1
ModelSim-Altera Info: # time = 9082638,write_data lcd_data = 30,lcd_on = 1
ModelSim-Altera Info: # time = 9164558,write_data lcd_data = 30,lcd_on = 1
ModelSim-Altera Info: # time = 9246478,write_data lcd_data = 3a,lcd_on = 1
ModelSim-Altera Info: # time = 9328398,write_data lcd_data = 30,lcd_on = 1
ModelSim-Altera Info: # time = 9410318,write_data lcd_data = 30,lcd_on = 1
ModelSim-Altera Info: # time = 9492238,write_data lcd_data = 3a,lcd_on = 1
ModelSim-Altera Info: # time = 9574158,write_data lcd_data = 30,lcd_on = 1
ModelSim-Altera Info: # time = 9656078,write_data lcd_data = 39,lcd_on = 1
ModelSim-Altera Info: # time = 10000738,write_instruction lcd_data = 40,lcd_on = 1
ModelSim-Altera Info: # time = 10082658,write_data lcd_data = 30,lcd_on = 1
ModelSim-Altera Info: # time = 10164578,write_data lcd_data = 30,lcd_on = 1
ModelSim-Altera Info: # time = 10246498,write_data lcd_data = 3a,lcd_on = 1
ModelSim-Altera Info: # time = 10328418,write_data lcd_data = 30,lcd_on = 1
ModelSim-Altera Info: # time = 10410338,write_data lcd_data = 30,lcd_on = 1
ModelSim-Altera Info: # time = 10492258,write_data lcd_data = 3a,lcd_on = 1
ModelSim-Altera Info: # time = 10574178,write_data lcd_data = 31,lcd_on = 1
ModelSim-Altera Info: # time = 10656098,write_data lcd_data = 30,lcd_on = 1
ModelSim-Altera Info: # time = 11000758,write_instruction lcd_data = 40,lcd_on = 1
ModelSim-Altera Info: # time = 11082678,write_data lcd_data = 30,lcd_on = 1
ModelSim-Altera Info: # time = 11164598,write_data lcd_data = 30,lcd_on = 1
ModelSim-Altera Info: # time = 11246518,write_data lcd_data = 3a,lcd_on = 1
ModelSim-Altera Info: # time = 11328438,write_data lcd_data = 30,lcd_on = 1
ModelSim-Altera Info: # time = 11410358,write_data lcd_data = 30,lcd_on = 1
ModelSim-Altera Info: # time = 11492278,write_data lcd_data = 3a,lcd_on = 1
ModelSim-Altera Info: # time = 11574198,write_data lcd_data = 31,lcd_on = 1
ModelSim-Altera Info: # time = 11656118,write_data lcd_data = 31,lcd_on = 1
ModelSim-Altera Info: # time = 12000778,write_instruction lcd_data = 40,lcd_on = 1
ModelSim-Altera Info: # time = 12082698,write_data lcd_data = 30,lcd_on = 1
ModelSim-Altera Info: # time = 12164618,write_data lcd_data = 30,lcd_on = 1
ModelSim-Altera Info: # time = 12246538,write_data lcd_data = 3a,lcd_on = 1
ModelSim-Altera Info: # time = 12328458,write_data lcd_data = 30,lcd_on = 1
ModelSim-Altera Info: # time = 12410378,write_data lcd_data = 30,lcd_on = 1
ModelSim-Altera Info: # time = 12492298,write_data lcd_data = 3a,lcd_on = 1
ModelSim-Altera Info: # time = 12574218,write_data lcd_data = 31,lcd_on = 1
ModelSim-Altera Info: # time = 12656138,write_data lcd_data = 32,lcd_on = 1
ModelSim-Altera Info: # time = 13000798,write_instruction lcd_data = 40,lcd_on = 1
ModelSim-Altera Info: # time = 13082718,write_data lcd_data = 30,lcd_on = 1
ModelSim-Altera Info: # time = 13164638,write_data lcd_data = 30,lcd_on = 1
ModelSim-Altera Info: # time = 13246558,write_data lcd_data = 3a,lcd_on = 1
ModelSim-Altera Info: # time = 13328478,write_data lcd_data = 30,lcd_on = 1
ModelSim-Altera Info: # time = 13410398,write_data lcd_data = 30,lcd_on = 1
ModelSim-Altera Info: # time = 13492318,write_data lcd_data = 3a,lcd_on = 1
ModelSim-Altera Info: # time = 13574238,write_data lcd_data = 31,lcd_on = 1
ModelSim-Altera Info: # time = 13656158,write_data lcd_data = 33,lcd_on = 1
ModelSim-Altera Info: # time = 14000818,write_instruction lcd_data = 40,lcd_on = 1
ModelSim-Altera Info: # time = 14082738,write_data lcd_data = 30,lcd_on = 1
ModelSim-Altera Info: # time = 14164658,write_data lcd_data = 30,lcd_on = 1
ModelSim-Altera Info: # time = 14246578,write_data lcd_data = 3a,lcd_on = 1
ModelSim-Altera Info: # time = 14328498,write_data lcd_data = 30,lcd_on = 1
ModelSim-Altera Info: # time = 14410418,write_data lcd_data = 30,lcd_on = 1
ModelSim-Altera Info: # time = 14492338,write_data lcd_data = 3a,lcd_on = 1
ModelSim-Altera Info: # time = 14574258,write_data lcd_data = 31,lcd_on = 1
ModelSim-Altera Info: # time = 14656178,write_data lcd_data = 34,lcd_on = 1
ModelSim-Altera Info: # time = 15000838,write_instruction lcd_data = 40,lcd_on = 1
ModelSim-Altera Info: # time = 15082758,write_data lcd_data = 30,lcd_on = 1
ModelSim-Altera Info: # time = 15164678,write_data lcd_data = 30,lcd_on = 1
ModelSim-Altera Info: # time = 15246598,write_data lcd_data = 3a,lcd_on = 1
ModelSim-Altera Info: # time = 15328518,write_data lcd_data = 30,lcd_on = 1
ModelSim-Altera Info: # time = 15410438,write_data lcd_data = 30,lcd_on = 1
ModelSim-Altera Info: # time = 15492358,write_data lcd_data = 3a,lcd_on = 1
ModelSim-Altera Info: # time = 15574278,write_data lcd_data = 31,lcd_on = 1
ModelSim-Altera Info: # time = 15656198,write_data lcd_data = 35,lcd_on = 1
ModelSim-Altera Info: # time = 16000858,write_instruction lcd_data = 40,lcd_on = 1
ModelSim-Altera Info: # time = 16082778,write_data lcd_data = 30,lcd_on = 1
ModelSim-Altera Info: # time = 16164698,write_data lcd_data = 30,lcd_on = 1
ModelSim-Altera Info: # time = 16246618,write_data lcd_data = 3a,lcd_on = 1
ModelSim-Altera Info: # time = 16328538,write_data lcd_data = 30,lcd_on = 1
ModelSim-Altera Info: # time = 16410458,write_data lcd_data = 30,lcd_on = 1
ModelSim-Altera Info: # time = 16492378,write_data lcd_data = 3a,lcd_on = 1
ModelSim-Altera Info: # time = 16574298,write_data lcd_data = 31,lcd_on = 1
ModelSim-Altera Info: # time = 16656218,write_data lcd_data = 36,lcd_on = 1
ModelSim-Altera Info: # time = 17000878,write_instruction lcd_data = 40,lcd_on = 1
ModelSim-Altera Info: # time = 17082798,write_data lcd_data = 30,lcd_on = 1
ModelSim-Altera Info: # time = 17164718,write_data lcd_data = 30,lcd_on = 1
ModelSim-Altera Info: # time = 17246638,write_data lcd_data = 3a,lcd_on = 1
ModelSim-Altera Info: # time = 17328558,write_data lcd_data = 30,lcd_on = 1
ModelSim-Altera Info: # time = 17410478,write_data lcd_data = 30,lcd_on = 1
ModelSim-Altera Info: # time = 17492398,write_data lcd_data = 3a,lcd_on = 1
ModelSim-Altera Info: # time = 17574318,write_data lcd_data = 31,lcd_on = 1
ModelSim-Altera Info: # time = 17656238,write_data lcd_data = 37,lcd_on = 1
ModelSim-Altera Info: # time = 18000898,write_instruction lcd_data = 40,lcd_on = 1
ModelSim-Altera Info: # time = 18082818,write_data lcd_data = 30,lcd_on = 1
ModelSim-Altera Info: # time = 18164738,write_data lcd_data = 30,lcd_on = 1
ModelSim-Altera Info: # time = 18246658,write_data lcd_data = 3a,lcd_on = 1
ModelSim-Altera Info: # time = 18328578,write_data lcd_data = 30,lcd_on = 1
ModelSim-Altera Info: # time = 18410498,write_data lcd_data = 30,lcd_on = 1
ModelSim-Altera Info: # time = 18492418,write_data lcd_data = 3a,lcd_on = 1
ModelSim-Altera Info: # time = 18574338,write_data lcd_data = 31,lcd_on = 1
ModelSim-Altera Info: # time = 18656258,write_data lcd_data = 38,lcd_on = 1
ModelSim-Altera Info: # time = 19000918,write_instruction lcd_data = 40,lcd_on = 1
ModelSim-Altera Info: # time = 19082838,write_data lcd_data = 30,lcd_on = 1
ModelSim-Altera Info: # time = 19164758,write_data lcd_data = 30,lcd_on = 1
ModelSim-Altera Info: # time = 19246678,write_data lcd_data = 3a,lcd_on = 1
ModelSim-Altera Info: # time = 19328598,write_data lcd_data = 30,lcd_on = 1
ModelSim-Altera Info: # time = 19410518,write_data lcd_data = 30,lcd_on = 1
ModelSim-Altera Info: # time = 19492438,write_data lcd_data = 3a,lcd_on = 1
ModelSim-Altera Info: # time = 19574358,write_data lcd_data = 31,lcd_on = 1
ModelSim-Altera Info: # time = 19656278,write_data lcd_data = 39,lcd_on = 1
ModelSim-Altera Info: # time = 20000938,write_instruction lcd_data = 40,lcd_on = 1
ModelSim-Altera Info: # time = 20082858,write_data lcd_data = 30,lcd_on = 1
ModelSim-Altera Info: # time = 20164778,write_data lcd_data = 30,lcd_on = 1
ModelSim-Altera Info: # time = 20246698,write_data lcd_data = 3a,lcd_on = 1
ModelSim-Altera Info: # time = 20328618,write_data lcd_data = 30,lcd_on = 1
ModelSim-Altera Info: # time = 20410538,write_data lcd_data = 30,lcd_on = 1
ModelSim-Altera Info: # time = 20492458,write_data lcd_data = 3a,lcd_on = 1
ModelSim-Altera Info: # time = 20574378,write_data lcd_data = 32,lcd_on = 1
ModelSim-Altera Info: # time = 20656298,write_data lcd_data = 30,lcd_on = 1
ModelSim-Altera Info: # time = 21000958,write_instruction lcd_data = 40,lcd_on = 1
ModelSim-Altera Info: # time = 21082878,write_data lcd_data = 30,lcd_on = 1
ModelSim-Altera Info: # time = 21164798,write_data lcd_data = 30,lcd_on = 1
ModelSim-Altera Info: # time = 21246718,write_data lcd_data = 3a,lcd_on = 1
ModelSim-Altera Info: # time = 21328638,write_data lcd_data = 30,lcd_on = 1
ModelSim-Altera Info: # time = 21410558,write_data lcd_data = 30,lcd_on = 1
ModelSim-Altera Info: # time = 21492478,write_data lcd_data = 3a,lcd_on = 1
ModelSim-Altera Info: # time = 21574398,write_data lcd_data = 32,lcd_on = 1
ModelSim-Altera Info: # time = 21656318,write_data lcd_data = 31,lcd_on = 1
ModelSim-Altera Info: # time = 22000978,write_instruction lcd_data = 40,lcd_on = 1
ModelSim-Altera Info: # time = 22082898,write_data lcd_data = 30,lcd_on = 1
ModelSim-Altera Info: # time = 22164818,write_data lcd_data = 30,lcd_on = 1
ModelSim-Altera Info: # time = 22246738,write_data lcd_data = 3a,lcd_on = 1
ModelSim-Altera Info: # time = 22328658,write_data lcd_data = 30,lcd_on = 1
ModelSim-Altera Info: # time = 22410578,write_data lcd_data = 30,lcd_on = 1
ModelSim-Altera Info: # time = 22492498,write_data lcd_data = 3a,lcd_on = 1
ModelSim-Altera Info: # time = 22574418,write_data lcd_data = 32,lcd_on = 1
ModelSim-Altera Info: # time = 22656338,write_data lcd_data = 32,lcd_on = 1
ModelSim-Altera Info: # time = 23000998,write_instruction lcd_data = 40,lcd_on = 1
ModelSim-Altera Info: # time = 23082918,write_data lcd_data = 30,lcd_on = 1
ModelSim-Altera Info: # time = 23164838,write_data lcd_data = 30,lcd_on = 1
ModelSim-Altera Info: # time = 23246758,write_data lcd_data = 3a,lcd_on = 1
ModelSim-Altera Info: # time = 23328678,write_data lcd_data = 30,lcd_on = 1
ModelSim-Altera Info: # time = 23410598,write_data lcd_data = 30,lcd_on = 1
ModelSim-Altera Info: # time = 23492518,write_data lcd_data = 3a,lcd_on = 1
ModelSim-Altera Info: # time = 23574438,write_data lcd_data = 32,lcd_on = 1
ModelSim-Altera Info: # time = 23656358,write_data lcd_data = 33,lcd_on = 1
ModelSim-Altera Info: # time = 24001018,write_instruction lcd_data = 40,lcd_on = 1
ModelSim-Altera Info: # time = 24082938,write_data lcd_data = 30,lcd_on = 1
ModelSim-Altera Info: # time = 24164858,write_data lcd_data = 30,lcd_on = 1
ModelSim-Altera Info: # time = 24246778,write_data lcd_data = 3a,lcd_on = 1
ModelSim-Altera Info: # time = 24328698,write_data lcd_data = 30,lcd_on = 1
ModelSim-Altera Info: # time = 24410618,write_data lcd_data = 30,lcd_on = 1
ModelSim-Altera Info: # time = 24492538,write_data lcd_data = 3a,lcd_on = 1
ModelSim-Altera Info: # time = 24574458,write_data lcd_data = 32,lcd_on = 1
ModelSim-Altera Info: # time = 24656378,write_data lcd_data = 34,lcd_on = 1
ModelSim-Altera Info: # time = 25001038,write_instruction lcd_data = 40,lcd_on = 1
ModelSim-Altera Info: # time = 25082958,write_data lcd_data = 30,lcd_on = 1
ModelSim-Altera Info: # time = 25164878,write_data lcd_data = 30,lcd_on = 1
ModelSim-Altera Info: # time = 25246798,write_data lcd_data = 3a,lcd_on = 1
ModelSim-Altera Info: # time = 25328718,write_data lcd_data = 30,lcd_on = 1
ModelSim-Altera Info: # time = 25410638,write_data lcd_data = 30,lcd_on = 1
ModelSim-Altera Info: # time = 25492558,write_data lcd_data = 3a,lcd_on = 1
ModelSim-Altera Info: # time = 25574478,write_data lcd_data = 32,lcd_on = 1
ModelSim-Altera Info: # time = 25656398,write_data lcd_data = 35,lcd_on = 1
ModelSim-Altera Info: # time = 26001058,write_instruction lcd_data = 40,lcd_on = 1
ModelSim-Altera Info: # time = 26082978,write_data lcd_data = 30,lcd_on = 1
ModelSim-Altera Info: # time = 26164898,write_data lcd_data = 30,lcd_on = 1
ModelSim-Altera Info: # time = 26246818,write_data lcd_data = 3a,lcd_on = 1
ModelSim-Altera Info: # time = 26328738,write_data lcd_data = 30,lcd_on = 1
ModelSim-Altera Info: # time = 26410658,write_data lcd_data = 30,lcd_on = 1
ModelSim-Altera Info: # time = 26492578,write_data lcd_data = 3a,lcd_on = 1
ModelSim-Altera Info: # time = 26574498,write_data lcd_data = 32,lcd_on = 1
ModelSim-Altera Info: # time = 26656418,write_data lcd_data = 36,lcd_on = 1
ModelSim-Altera Info: # time = 27001078,write_instruction lcd_data = 40,lcd_on = 1
ModelSim-Altera Info: # time = 27082998,write_data lcd_data = 30,lcd_on = 1
ModelSim-Altera Info: # time = 27164918,write_data lcd_data = 30,lcd_on = 1
ModelSim-Altera Info: # time = 27246838,write_data lcd_data = 3a,lcd_on = 1
ModelSim-Altera Info: # time = 27328758,write_data lcd_data = 30,lcd_on = 1
ModelSim-Altera Info: # time = 27410678,write_data lcd_data = 30,lcd_on = 1
ModelSim-Altera Info: # time = 27492598,write_data lcd_data = 3a,lcd_on = 1
ModelSim-Altera Info: # time = 27574518,write_data lcd_data = 32,lcd_on = 1
ModelSim-Altera Info: # time = 27656438,write_data lcd_data = 37,lcd_on = 1
ModelSim-Altera Info: # time = 28001098,write_instruction lcd_data = 40,lcd_on = 1
ModelSim-Altera Info: # time = 28083018,write_data lcd_data = 30,lcd_on = 1
ModelSim-Altera Info: # time = 28164938,write_data lcd_data = 30,lcd_on = 1
ModelSim-Altera Info: # time = 28246858,write_data lcd_data = 3a,lcd_on = 1
ModelSim-Altera Info: # time = 28328778,write_data lcd_data = 30,lcd_on = 1
ModelSim-Altera Info: # time = 28410698,write_data lcd_data = 30,lcd_on = 1
ModelSim-Altera Info: # time = 28492618,write_data lcd_data = 3a,lcd_on = 1
ModelSim-Altera Info: # time = 28574538,write_data lcd_data = 32,lcd_on = 1
ModelSim-Altera Info: # time = 28656458,write_data lcd_data = 38,lcd_on = 1
ModelSim-Altera Info: # time = 29001118,write_instruction lcd_data = 40,lcd_on = 1
ModelSim-Altera Info: # time = 29083038,write_data lcd_data = 30,lcd_on = 1
ModelSim-Altera Info: # time = 29164958,write_data lcd_data = 30,lcd_on = 1
ModelSim-Altera Info: # time = 29246878,write_data lcd_data = 3a,lcd_on = 1
ModelSim-Altera Info: # time = 29328798,write_data lcd_data = 30,lcd_on = 1
ModelSim-Altera Info: # time = 29410718,write_data lcd_data = 30,lcd_on = 1
ModelSim-Altera Info: # time = 29492638,write_data lcd_data = 3a,lcd_on = 1
ModelSim-Altera Info: # time = 29574558,write_data lcd_data = 32,lcd_on = 1
ModelSim-Altera Info: # time = 29656478,write_data lcd_data = 39,lcd_on = 1
ModelSim-Altera Info: # time = 30001138,write_instruction lcd_data = 40,lcd_on = 1
ModelSim-Altera Info: # time = 30083058,write_data lcd_data = 30,lcd_on = 1
ModelSim-Altera Info: # time = 30164978,write_data lcd_data = 30,lcd_on = 1
ModelSim-Altera Info: # time = 30200030,key[0]= 1,key[1]= 1,key[2]= 0,key[3]= 1
ModelSim-Altera Info: # time = 30246898,write_data lcd_data = 3a,lcd_on = 1
ModelSim-Altera Info: # time = 30328818,write_data lcd_data = 30,lcd_on = 1
ModelSim-Altera Info: # time = 30410738,write_data lcd_data = 30,lcd_on = 1
ModelSim-Altera Info: # time = 30492658,write_data lcd_data = 3a,lcd_on = 1
ModelSim-Altera Info: # time = 30574578,write_data lcd_data = 33,lcd_on = 1
ModelSim-Altera Info: # time = 30656498,write_data lcd_data = 30,lcd_on = 1
ModelSim-Altera Info: # time = 31001158,write_instruction lcd_data = 40,lcd_on = 1
ModelSim-Altera Info: # time = 31083078,write_data lcd_data = 30,lcd_on = 1
ModelSim-Altera Info: # time = 31164998,write_data lcd_data = 31,lcd_on = 1
ModelSim-Altera Info: # time = 31246918,write_data lcd_data = 3a,lcd_on = 1
ModelSim-Altera Info: # time = 31328838,write_data lcd_data = 30,lcd_on = 1
ModelSim-Altera Info: # time = 31400030,key[0]= 1,key[1]= 1,key[2]= 1,key[3]= 1
ModelSim-Altera Info: # time = 31410758,write_data lcd_data = 30,lcd_on = 1
ModelSim-Altera Info: # time = 31492678,write_data lcd_data = 3a,lcd_on = 1
ModelSim-Altera Info: # time = 31574598,write_data lcd_data = 33,lcd_on = 1
ModelSim-Altera Info: # time = 31600030,key[0]= 1,key[1]= 1,key[2]= 0,key[3]= 1
ModelSim-Altera Info: # time = 31656518,write_data lcd_data = 30,lcd_on = 1
ModelSim-Altera Info: # time = 32001178,write_instruction lcd_data = 40,lcd_on = 1
ModelSim-Altera Info: # time = 32083098,write_data lcd_data = 30,lcd_on = 1
ModelSim-Altera Info: # time = 32165018,write_data lcd_data = 32,lcd_on = 1
ModelSim-Altera Info: # time = 32246938,write_data lcd_data = 3a,lcd_on = 1
ModelSim-Altera Info: # time = 32328858,write_data lcd_data = 30,lcd_on = 1
ModelSim-Altera Info: # time = 32410778,write_data lcd_data = 30,lcd_on = 1
ModelSim-Altera Info: # time = 32492698,write_data lcd_data = 3a,lcd_on = 1
ModelSim-Altera Info: # time = 32574618,write_data lcd_data = 33,lcd_on = 1
ModelSim-Altera Info: # time = 32656538,write_data lcd_data = 30,lcd_on = 1
ModelSim-Altera Info: # time = 33001198,write_instruction lcd_data = 40,lcd_on = 1
ModelSim-Altera Info: # time = 33083118,write_data lcd_data = 30,lcd_on = 1
ModelSim-Altera Info: # time = 33165038,write_data lcd_data = 32,lcd_on = 1
ModelSim-Altera Info: # time = 33246958,write_data lcd_data = 3a,lcd_on = 1
ModelSim-Altera Info: # time = 33328878,write_data lcd_data = 30,lcd_on = 1
ModelSim-Altera Info: # time = 33410798,write_data lcd_data = 30,lcd_on = 1
ModelSim-Altera Info: # time = 33492718,write_data lcd_data = 3a,lcd_on = 1
ModelSim-Altera Info: # time = 33574638,write_data lcd_data = 33,lcd_on = 1
ModelSim-Altera Info: # time = 33656558,write_data lcd_data = 30,lcd_on = 1
ModelSim-Altera Info: # time = 34001218,write_instruction lcd_data = 40,lcd_on = 1
ModelSim-Altera Info: # time = 34083138,write_data lcd_data = 30,lcd_on = 1
ModelSim-Altera Info: # time = 34165058,write_data lcd_data = 32,lcd_on = 1
ModelSim-Altera Info: # time = 34246978,write_data lcd_data = 3a,lcd_on = 1
ModelSim-Altera Info: # time = 34328898,write_data lcd_data = 30,lcd_on = 1
ModelSim-Altera Info: # time = 34410818,write_data lcd_data = 30,lcd_on = 1
ModelSim-Altera Info: # time = 34492738,write_data lcd_data = 3a,lcd_on = 1
ModelSim-Altera Info: # time = 34574658,write_data lcd_data = 33,lcd_on = 1
ModelSim-Altera Info: # time = 34656578,write_data lcd_data = 30,lcd_on = 1
ModelSim-Altera Info: # time = 35001238,write_instruction lcd_data = 40,lcd_on = 1
ModelSim-Altera Info: # time = 35083158,write_data lcd_data = 30,lcd_on = 1
ModelSim-Altera Info: # time = 35165078,write_data lcd_data = 32,lcd_on = 1
ModelSim-Altera Info: # time = 35246998,write_data lcd_data = 3a,lcd_on = 1
ModelSim-Altera Info: # time = 35328918,write_data lcd_data = 30,lcd_on = 1
ModelSim-Altera Info: # time = 35410838,write_data lcd_data = 30,lcd_on = 1
ModelSim-Altera Info: # time = 35492758,write_data lcd_data = 3a,lcd_on = 1
ModelSim-Altera Info: # time = 35574678,write_data lcd_data = 33,lcd_on = 1
ModelSim-Altera Info: # time = 35656598,write_data lcd_data = 30,lcd_on = 1
ModelSim-Altera Info: # time = 36001258,write_instruction lcd_data = 40,lcd_on = 1
ModelSim-Altera Info: # time = 36083178,write_data lcd_data = 30,lcd_on = 1
ModelSim-Altera Info: # time = 36165098,write_data lcd_data = 32,lcd_on = 1
ModelSim-Altera Info: # time = 36247018,write_data lcd_data = 3a,lcd_on = 1
ModelSim-Altera Info: # time = 36328938,write_data lcd_data = 30,lcd_on = 1
ModelSim-Altera Info: # time = 36410858,write_data lcd_data = 30,lcd_on = 1
ModelSim-Altera Info: # time = 36492778,write_data lcd_data = 3a,lcd_on = 1
ModelSim-Altera Info: # time = 36574698,write_data lcd_data = 33,lcd_on = 1
ModelSim-Altera Info: # time = 36600030,key[0]= 1,key[1]= 1,key[2]= 1,key[3]= 1
ModelSim-Altera Info: # time = 36656618,write_data lcd_data = 30,lcd_on = 1
ModelSim-Altera Info: # time = 37001278,write_instruction lcd_data = 40,lcd_on = 1
ModelSim-Altera Info: # time = 37083198,write_data lcd_data = 30,lcd_on = 1
ModelSim-Altera Info: # time = 37165118,write_data lcd_data = 32,lcd_on = 1
ModelSim-Altera Info: # time = 37247038,write_data lcd_data = 3a,lcd_on = 1
ModelSim-Altera Info: # time = 37328958,write_data lcd_data = 30,lcd_on = 1
ModelSim-Altera Info: # time = 37410878,write_data lcd_data = 30,lcd_on = 1
ModelSim-Altera Info: # time = 37492798,write_data lcd_data = 3a,lcd_on = 1
ModelSim-Altera Info: # time = 37574718,write_data lcd_data = 33,lcd_on = 1
ModelSim-Altera Info: # time = 37656638,write_data lcd_data = 31,lcd_on = 1
ModelSim-Altera Info: # time = 38001298,write_instruction lcd_data = 40,lcd_on = 1
ModelSim-Altera Info: # time = 38083218,write_data lcd_data = 30,lcd_on = 1
ModelSim-Altera Info: # time = 38165138,write_data lcd_data = 32,lcd_on = 1
ModelSim-Altera Info: # time = 38247058,write_data lcd_data = 3a,lcd_on = 1
ModelSim-Altera Info: # time = 38328978,write_data lcd_data = 30,lcd_on = 1
ModelSim-Altera Info: # time = 38410898,write_data lcd_data = 30,lcd_on = 1
ModelSim-Altera Info: # time = 38492818,write_data lcd_data = 3a,lcd_on = 1
ModelSim-Altera Info: # time = 38574738,write_data lcd_data = 33,lcd_on = 1
ModelSim-Altera Info: # time = 38656658,write_data lcd_data = 32,lcd_on = 1
ModelSim-Altera Info: # time = 39001318,write_instruction lcd_data = 40,lcd_on = 1
ModelSim-Altera Info: # time = 39083238,write_data lcd_data = 30,lcd_on = 1
ModelSim-Altera Info: # time = 39165158,write_data lcd_data = 32,lcd_on = 1
ModelSim-Altera Info: # time = 39247078,write_data lcd_data = 3a,lcd_on = 1
ModelSim-Altera Info: # time = 39328998,write_data lcd_data = 30,lcd_on = 1
ModelSim-Altera Info: # time = 39410918,write_data lcd_data = 30,lcd_on = 1
ModelSim-Altera Info: # time = 39492838,write_data lcd_data = 3a,lcd_on = 1
ModelSim-Altera Info: # time = 39574758,write_data lcd_data = 33,lcd_on = 1
ModelSim-Altera Info: # time = 39656678,write_data lcd_data = 33,lcd_on = 1
ModelSim-Altera Info: # time = 40001338,write_instruction lcd_data = 40,lcd_on = 1
ModelSim-Altera Info: # time = 40083258,write_data lcd_data = 30,lcd_on = 1
ModelSim-Altera Info: # time = 40165178,write_data lcd_data = 32,lcd_on = 1
ModelSim-Altera Info: # time = 40247098,write_data lcd_data = 3a,lcd_on = 1
ModelSim-Altera Info: # time = 40329018,write_data lcd_data = 30,lcd_on = 1
ModelSim-Altera Info: # time = 40410938,write_data lcd_data = 30,lcd_on = 1
ModelSim-Altera Info: # time = 40492858,write_data lcd_data = 3a,lcd_on = 1
ModelSim-Altera Info: # time = 40574778,write_data lcd_data = 33,lcd_on = 1
ModelSim-Altera Info: # time = 40656698,write_data lcd_data = 34,lcd_on = 1
ModelSim-Altera Info: # time = 41001358,write_instruction lcd_data = 40,lcd_on = 1
ModelSim-Altera Info: # time = 41083278,write_data lcd_data = 30,lcd_on = 1
ModelSim-Altera Info: # time = 41165198,write_data lcd_data = 32,lcd_on = 1
ModelSim-Altera Info: # time = 41247118,write_data lcd_data = 3a,lcd_on = 1
ModelSim-Altera Info: # time = 41329038,write_data lcd_data = 30,lcd_on = 1
ModelSim-Altera Info: # time = 41410958,write_data lcd_data = 30,lcd_on = 1
ModelSim-Altera Info: # time = 41492878,write_data lcd_data = 3a,lcd_on = 1
ModelSim-Altera Info: # time = 41574798,write_data lcd_data = 33,lcd_on = 1
ModelSim-Altera Info: # time = 41656718,write_data lcd_data = 35,lcd_on = 1
ModelSim-Altera Info: # time = 42001378,write_instruction lcd_data = 40,lcd_on = 1
ModelSim-Altera Info: # time = 42083298,write_data lcd_data = 30,lcd_on = 1
ModelSim-Altera Info: # time = 42165218,write_data lcd_data = 32,lcd_on = 1
ModelSim-Altera Info: # time = 42247138,write_data lcd_data = 3a,lcd_on = 1
ModelSim-Altera Info: # time = 42329058,write_data lcd_data = 30,lcd_on = 1
ModelSim-Altera Info: # time = 42410978,write_data lcd_data = 30,lcd_on = 1
ModelSim-Altera Info: # time = 42492898,write_data lcd_data = 3a,lcd_on = 1
ModelSim-Altera Info: # time = 42574818,write_data lcd_data = 33,lcd_on = 1
ModelSim-Altera Info: # time = 42656738,write_data lcd_data = 36,lcd_on = 1
ModelSim-Altera Info: # time = 43001398,write_instruction lcd_data = 40,lcd_on = 1
ModelSim-Altera Info: # time = 43083318,write_data lcd_data = 30,lcd_on = 1
ModelSim-Altera Info: # time = 43165238,write_data lcd_data = 32,lcd_on = 1
ModelSim-Altera Info: # time = 43247158,write_data lcd_data = 3a,lcd_on = 1
ModelSim-Altera Info: # time = 43329078,write_data lcd_data = 30,lcd_on = 1
ModelSim-Altera Info: # time = 43410998,write_data lcd_data = 30,lcd_on = 1
ModelSim-Altera Info: # time = 43492918,write_data lcd_data = 3a,lcd_on = 1
ModelSim-Altera Info: # time = 43574838,write_data lcd_data = 33,lcd_on = 1
ModelSim-Altera Info: # time = 43656758,write_data lcd_data = 37,lcd_on = 1
ModelSim-Altera Info: # time = 44001418,write_instruction lcd_data = 40,lcd_on = 1
ModelSim-Altera Info: # time = 44083338,write_data lcd_data = 30,lcd_on = 1
ModelSim-Altera Info: # time = 44165258,write_data lcd_data = 32,lcd_on = 1
ModelSim-Altera Info: # time = 44247178,write_data lcd_data = 3a,lcd_on = 1
ModelSim-Altera Info: # time = 44329098,write_data lcd_data = 30,lcd_on = 1
ModelSim-Altera Info: # time = 44411018,write_data lcd_data = 30,lcd_on = 1
ModelSim-Altera Info: # time = 44492938,write_data lcd_data = 3a,lcd_on = 1
ModelSim-Altera Info: # time = 44574858,write_data lcd_data = 33,lcd_on = 1
ModelSim-Altera Info: # time = 44656778,write_data lcd_data = 38,lcd_on = 1
ModelSim-Altera Info: # time = 45001438,write_instruction lcd_data = 40,lcd_on = 1
ModelSim-Altera Info: # time = 45083358,write_data lcd_data = 30,lcd_on = 1
ModelSim-Altera Info: # time = 45165278,write_data lcd_data = 32,lcd_on = 1
ModelSim-Altera Info: # time = 45247198,write_data lcd_data = 3a,lcd_on = 1
ModelSim-Altera Info: # time = 45329118,write_data lcd_data = 30,lcd_on = 1
ModelSim-Altera Info: # time = 45411038,write_data lcd_data = 30,lcd_on = 1
ModelSim-Altera Info: # time = 45492958,write_data lcd_data = 3a,lcd_on = 1
ModelSim-Altera Info: # time = 45574878,write_data lcd_data = 33,lcd_on = 1
ModelSim-Altera Info: # time = 45656798,write_data lcd_data = 39,lcd_on = 1
ModelSim-Altera Info: # time = 46001458,write_instruction lcd_data = 40,lcd_on = 1
ModelSim-Altera Info: # time = 46083378,write_data lcd_data = 30,lcd_on = 1
ModelSim-Altera Info: # time = 46165298,write_data lcd_data = 32,lcd_on = 1
ModelSim-Altera Info: # time = 46247218,write_data lcd_data = 3a,lcd_on = 1
ModelSim-Altera Info: # time = 46329138,write_data lcd_data = 30,lcd_on = 1
ModelSim-Altera Info: # time = 46411058,write_data lcd_data = 30,lcd_on = 1
ModelSim-Altera Info: # time = 46492978,write_data lcd_data = 3a,lcd_on = 1
ModelSim-Altera Info: # time = 46574898,write_data lcd_data = 34,lcd_on = 1
ModelSim-Altera Info: # time = 46656818,write_data lcd_data = 30,lcd_on = 1
ModelSim-Altera Info: # time = 47001478,write_instruction lcd_data = 40,lcd_on = 1
ModelSim-Altera Info: # time = 47083398,write_data lcd_data = 30,lcd_on = 1
ModelSim-Altera Info: # time = 47165318,write_data lcd_data = 32,lcd_on = 1
ModelSim-Altera Info: # time = 47247238,write_data lcd_data = 3a,lcd_on = 1
ModelSim-Altera Info: # time = 47329158,write_data lcd_data = 30,lcd_on = 1
ModelSim-Altera Info: # time = 47411078,write_data lcd_data = 30,lcd_on = 1
ModelSim-Altera Info: # time = 47492998,write_data lcd_data = 3a,lcd_on = 1
ModelSim-Altera Info: # time = 47574918,write_data lcd_data = 34,lcd_on = 1
ModelSim-Altera Info: # time = 47656838,write_data lcd_data = 31,lcd_on = 1
ModelSim-Altera Info: # time = 48001498,write_instruction lcd_data = 40,lcd_on = 1
ModelSim-Altera Info: # time = 48083418,write_data lcd_data = 30,lcd_on = 1
ModelSim-Altera Info: # time = 48165338,write_data lcd_data = 32,lcd_on = 1
ModelSim-Altera Info: # time = 48247258,write_data lcd_data = 3a,lcd_on = 1
ModelSim-Altera Info: # time = 48329178,write_data lcd_data = 30,lcd_on = 1
ModelSim-Altera Info: # time = 48411098,write_data lcd_data = 30,lcd_on = 1
ModelSim-Altera Info: # time = 48493018,write_data lcd_data = 3a,lcd_on = 1
ModelSim-Altera Info: # time = 48574938,write_data lcd_data = 34,lcd_on = 1
ModelSim-Altera Info: # time = 48656858,write_data lcd_data = 32,lcd_on = 1
ModelSim-Altera Info: # time = 49001518,write_instruction lcd_data = 40,lcd_on = 1
ModelSim-Altera Info: # time = 49083438,write_data lcd_data = 30,lcd_on = 1
ModelSim-Altera Info: # time = 49165358,write_data lcd_data = 32,lcd_on = 1
ModelSim-Altera Info: # time = 49247278,write_data lcd_data = 3a,lcd_on = 1
ModelSim-Altera Info: # time = 49329198,write_data lcd_data = 30,lcd_on = 1
ModelSim-Altera Info: # time = 49411118,write_data lcd_data = 30,lcd_on = 1
ModelSim-Altera Info: # time = 49493038,write_data lcd_data = 3a,lcd_on = 1
ModelSim-Altera Info: # time = 49574958,write_data lcd_data = 34,lcd_on = 1
ModelSim-Altera Info: # time = 49656878,write_data lcd_data = 33,lcd_on = 1
ModelSim-Altera Info: # time = 50001538,write_instruction lcd_data = 40,lcd_on = 1
ModelSim-Altera Info: # time = 50083458,write_data lcd_data = 30,lcd_on = 1
ModelSim-Altera Info: # time = 50165378,write_data lcd_data = 32,lcd_on = 1
ModelSim-Altera Info: # time = 50247298,write_data lcd_data = 3a,lcd_on = 1
ModelSim-Altera Info: # time = 50329218,write_data lcd_data = 30,lcd_on = 1
ModelSim-Altera Info: # time = 50411138,write_data lcd_data = 30,lcd_on = 1
ModelSim-Altera Info: # time = 50493058,write_data lcd_data = 3a,lcd_on = 1
ModelSim-Altera Info: # time = 50574978,write_data lcd_data = 34,lcd_on = 1
ModelSim-Altera Info: # time = 50656898,write_data lcd_data = 34,lcd_on = 1
ModelSim-Altera Info: # time = 51001558,write_instruction lcd_data = 40,lcd_on = 1
ModelSim-Altera Info: # time = 51083478,write_data lcd_data = 30,lcd_on = 1
ModelSim-Altera Info: # time = 51165398,write_data lcd_data = 32,lcd_on = 1
ModelSim-Altera Info: # time = 51247318,write_data lcd_data = 3a,lcd_on = 1
ModelSim-Altera Info: # time = 51329238,write_data lcd_data = 30,lcd_on = 1
ModelSim-Altera Info: # time = 51411158,write_data lcd_data = 30,lcd_on = 1
ModelSim-Altera Info: # time = 51493078,write_data lcd_data = 3a,lcd_on = 1
ModelSim-Altera Info: # time = 51574998,write_data lcd_data = 34,lcd_on = 1
ModelSim-Altera Info: # time = 51656918,write_data lcd_data = 35,lcd_on = 1
ModelSim-Altera Info: # time = 52001578,write_instruction lcd_data = 40,lcd_on = 1
ModelSim-Altera Info: # time = 52083498,write_data lcd_data = 30,lcd_on = 1
ModelSim-Altera Info: # time = 52165418,write_data lcd_data = 32,lcd_on = 1
ModelSim-Altera Info: # time = 52247338,write_data lcd_data = 3a,lcd_on = 1
ModelSim-Altera Info: # time = 52329258,write_data lcd_data = 30,lcd_on = 1
ModelSim-Altera Info: # time = 52411178,write_data lcd_data = 30,lcd_on = 1
ModelSim-Altera Info: # time = 52493098,write_data lcd_data = 3a,lcd_on = 1
ModelSim-Altera Info: # time = 52575018,write_data lcd_data = 34,lcd_on = 1
ModelSim-Altera Info: # time = 52656938,write_data lcd_data = 36,lcd_on = 1
ModelSim-Altera Info: # time = 53001598,write_instruction lcd_data = 40,lcd_on = 1
ModelSim-Altera Info: # time = 53083518,write_data lcd_data = 30,lcd_on = 1
ModelSim-Altera Info: # time = 53165438,write_data lcd_data = 32,lcd_on = 1
ModelSim-Altera Info: # time = 53247358,write_data lcd_data = 3a,lcd_on = 1
ModelSim-Altera Info: # time = 53329278,write_data lcd_data = 30,lcd_on = 1
ModelSim-Altera Info: # time = 53411198,write_data lcd_data = 30,lcd_on = 1
ModelSim-Altera Info: # time = 53493118,write_data lcd_data = 3a,lcd_on = 1
ModelSim-Altera Info: # time = 53575038,write_data lcd_data = 34,lcd_on = 1
ModelSim-Altera Info: # time = 53656958,write_data lcd_data = 37,lcd_on = 1
ModelSim-Altera Info: # time = 54001618,write_instruction lcd_data = 40,lcd_on = 1
ModelSim-Altera Info: # time = 54083538,write_data lcd_data = 30,lcd_on = 1
ModelSim-Altera Info: # Break key hit
ModelSim-Altera Info: # Break in Module dffeas at /build/swbuild/SJ/nightly/18.1std/625/l64/work/modelsim/eda/sim_lib/altera_primitives.v line 312
ModelSim-Altera Info: # End time: 15:01:57 on Apr 10,2022, Elapsed time: 0:12:51
ModelSim-Altera Info: # Errors: 0, Warnings: 2
Info: NativeLink simulation flow was successful
